00:00:00 INFO     00.191 GB Starting N coeval run: N=3                                                                                                          
00:00:00 INFO     00.192 GB gc.isenabled() = False (expected: False)                                                                                            
00:00:00 INFO     00.192 GB Already have 7 coevals done, at redshifts: [31.2973, 31.9432, 32.6021, 33.2741, 33.9596, 34.6588, 35.372]                           
00:00:00 INFO     00.192 GB Redshifts for this batch: 30.66 to 29.43                                                                                            
00:00:00 INFO     00.195 GB Existing InitialConditions found and read in (seed=42).                                                                             
00:17:22 INFO     00.430 TB Existing PerturbedField found at z=35.37197473298901 and read in (seed=42).                                                         
00:17:22 INFO     00.430 TB Existing PerturbedField found at z=34.658798757832365 and read in (seed=42).                                                        
00:17:23 INFO     00.430 TB Existing PerturbedField found at z=33.959606625325854 and read in (seed=42).                                                        
00:17:23 INFO     00.430 TB Existing PerturbedField found at z=33.27412414247633 and read in (seed=42).                                                         
00:17:23 INFO     00.430 TB Existing PerturbedField found at z=32.60208249262386 and read in (seed=42).                                                         
00:17:24 INFO     00.430 TB Existing PerturbedField found at z=31.943218130023396 and read in (seed=42).                                                        
00:17:24 INFO     00.430 TB Existing PerturbedField found at z=31.297272676493527 and read in (seed=42).                                                        
00:17:24 INFO     00.430 TB Existing PerturbedField found at z=30.663992820091696 and read in (seed=42).                                                        
00:17:25 INFO     00.430 TB Existing PerturbedField found at z=30.043130215776173 and read in (seed=42).                                                        
00:17:25 INFO     00.430 TB Existing PerturbedField found at z=29.43444138801586 and read in (seed=42).                                                         
00:17:53 INFO     00.430 TB Existing HaloCatalog found at z=29.43444138801586 and read in (seed=42).                                                            
00:17:53 INFO     00.430 TB Existing HaloCatalog found at z=30.043130215776173 and read in (seed=42).                                                           
00:17:53 INFO     00.430 TB Existing HaloCatalog found at z=30.663992820091696 and read in (seed=42).                                                           
00:17:54 INFO     00.430 TB Existing HaloCatalog found at z=31.297272676493527 and read in (seed=42).                                                           
00:17:54 INFO     00.430 TB Existing HaloCatalog found at z=31.943218130023396 and read in (seed=42).                                                           
00:17:54 INFO     00.430 TB Existing HaloCatalog found at z=32.60208249262386 and read in (seed=42).                                                            
00:17:54 INFO     00.430 TB Existing HaloCatalog found at z=33.27412414247633 and read in (seed=42).                                                            
00:17:54 INFO     00.430 TB Existing HaloCatalog found at z=33.959606625325854 and read in (seed=42).                                                           
00:17:54 INFO     00.430 TB Existing HaloCatalog found at z=34.658798757832365 and read in (seed=42).                                                           
00:17:54 INFO     00.430 TB Existing HaloCatalog found at z=35.37197473298901 and read in (seed=42).                                                            
00:20:18 INFO     00.148 TB Existing HaloBox found at z=35.37197473298901 and read in (seed=42).                                                                
00:20:42 DEBUG    00.184 TB ignoring Radius 0 which is above Z_HEAT_MAX                                                                                         
00:21:08 DEBUG    00.221 TB ignoring Radius 1 which is above Z_HEAT_MAX                                                                                         
00:21:37 DEBUG    00.258 TB ignoring Radius 2 which is above Z_HEAT_MAX                                                                                         
00:22:08 DEBUG    00.295 TB ignoring Radius 3 which is above Z_HEAT_MAX                                                                                         
00:22:40 DEBUG    00.332 TB ignoring Radius 4 which is above Z_HEAT_MAX                                                                                         
00:23:13 DEBUG    00.369 TB ignoring Radius 5 which is above Z_HEAT_MAX                                                                                         
00:23:42 DEBUG    00.405 TB ignoring Radius 6 which is above Z_HEAT_MAX                                                                                         
00:24:11 DEBUG    00.442 TB ignoring Radius 7 which is above Z_HEAT_MAX                                                                                         
00:24:42 DEBUG    00.479 TB ignoring Radius 8 which is above Z_HEAT_MAX                                                                                         
00:25:13 DEBUG    00.516 TB ignoring Radius 9 which is above Z_HEAT_MAX                                                                                         
00:25:44 DEBUG    00.553 TB ignoring Radius 10 which is above Z_HEAT_MAX                                                                                        
00:26:15 DEBUG    00.590 TB ignoring Radius 11 which is above Z_HEAT_MAX                                                                                        
00:26:48 DEBUG    00.626 TB ignoring Radius 12 which is above Z_HEAT_MAX                                                                                        
00:27:21 DEBUG    00.663 TB ignoring Radius 13 which is above Z_HEAT_MAX                                                                                        
00:27:54 DEBUG    00.700 TB ignoring Radius 14 which is above Z_HEAT_MAX                                                                                        
00:28:27 DEBUG    00.737 TB ignoring Radius 15 which is above Z_HEAT_MAX                                                                                        
00:29:01 DEBUG    00.774 TB ignoring Radius 16 which is above Z_HEAT_MAX                                                                                        
00:29:35 DEBUG    00.811 TB ignoring Radius 17 which is above Z_HEAT_MAX                                                                                        
00:30:08 DEBUG    00.847 TB ignoring Radius 18 which is above Z_HEAT_MAX                                                                                        
00:30:42 DEBUG    00.884 TB ignoring Radius 19 which is above Z_HEAT_MAX                                                                                        
00:31:17 DEBUG    00.921 TB ignoring Radius 20 which is above Z_HEAT_MAX                                                                                        
00:31:51 DEBUG    00.958 TB ignoring Radius 21 which is above Z_HEAT_MAX                                                                                        
00:32:26 DEBUG    00.995 TB ignoring Radius 22 which is above Z_HEAT_MAX                                                                                        
00:33:02 DEBUG    01.032 TB ignoring Radius 23 which is above Z_HEAT_MAX                                                                                        
00:33:38 DEBUG    01.068 TB ignoring Radius 24 which is above Z_HEAT_MAX                                                                                        
00:34:15 DEBUG    01.105 TB ignoring Radius 25 which is above Z_HEAT_MAX                                                                                        
00:34:52 DEBUG    01.142 TB ignoring Radius 26 which is above Z_HEAT_MAX                                                                                        
00:35:30 DEBUG    01.179 TB ignoring Radius 27 which is above Z_HEAT_MAX                                                                                        
00:36:08 DEBUG    01.216 TB ignoring Radius 28 which is above Z_HEAT_MAX                                                                                        
00:36:47 DEBUG    01.253 TB ignoring Radius 29 which is above Z_HEAT_MAX                                                                                        
00:37:26 DEBUG    01.289 TB ignoring Radius 30 which is above Z_HEAT_MAX                                                                                        
00:38:05 DEBUG    01.326 TB ignoring Radius 31 which is above Z_HEAT_MAX                                                                                        
00:38:44 DEBUG    01.363 TB ignoring Radius 32 which is above Z_HEAT_MAX                                                                                        
00:39:23 DEBUG    01.400 TB ignoring Radius 33 which is above Z_HEAT_MAX                                                                                        
00:40:03 DEBUG    01.437 TB ignoring Radius 34 which is above Z_HEAT_MAX                                                                                        
00:40:42 DEBUG    01.474 TB ignoring Radius 35 which is above Z_HEAT_MAX                                                                                        
00:41:22 DEBUG    01.510 TB ignoring Radius 36 which is above Z_HEAT_MAX                                                                                        
00:42:01 DEBUG    01.547 TB ignoring Radius 37 which is above Z_HEAT_MAX                                                                                        
00:42:41 DEBUG    01.584 TB ignoring Radius 38 which is above Z_HEAT_MAX                                                                                        
00:43:17 DEBUG    01.621 TB ignoring Radius 39 which is above Z_HEAT_MAX                                                                                        
00:43:17 INFO     01.621 TB Existing TsBox found at z=35.37197473298901 and read in (seed=42).                                                                  
00:43:27 INFO     00.148 TB Existing IonizedBox found at z=35.37197473298901 and read in (seed=42).                                                             
00:43:27 INFO     00.148 TB Existing BrightnessTemp found at z=35.37197473298901 and read in (seed=42).                                                         
00:43:27 DEBUG    00.148 TB Skipping intermediate coeval at z=35.371975 (required for redshift evolution, not part of this batch)                               
00:45:15 INFO     00.197 TB Existing HaloBox found at z=34.658798757832365 and read in (seed=42).                                                               
00:51:44 DEBUG    00.307 TB Calling UpdateXraySourceBox with following args:                                                                                    
00:52:16 DEBUG    00.307 TB                                                                                                                                     
00:52:16 DEBUG    00.307 TB                       HaloBox       1st:         End:         Min:         Max:         Mean:                                       
00:52:16 DEBUG    00.307 TB                          halo_sfr:  6.2760e-21,  1.6757e-19,  3.6093e-27,  8.2864e-13,  1.4036e-17                                  
00:52:16 DEBUG    00.307 TB                     halo_sfr_mini:  3.6988e-18,  4.1031e-17,  1.2831e-22,  3.2594e-12,  7.8068e-16                                  
00:52:16 DEBUG    00.307 TB                         halo_xray:  6.9377e-08,  7.7028e-07,  6.8215e-12,  7.5236e-02,  1.4825e-05                                  
00:52:16 DEBUG    00.307 TB                             n_ion:  initialized                                                                                     
00:52:16 DEBUG    00.307 TB                         whalo_sfr:  initialized                                                                                     
00:52:16 DEBUG    00.307 TB               log10_Mcrit_ACG_ave: None                                                                                             
00:52:16 DEBUG    00.307 TB               log10_Mcrit_MCG_ave: 5.68808810253274                                                                                 
00:52:16 DEBUG    00.307 TB                                                                                                                                     
00:52:16 DEBUG    00.307 TB     0                                                                                                                               
00:52:16 DEBUG    00.307 TB     0.9305257363491002                                                                                                              
00:52:16 DEBUG    00.307 TB     0                                                                                                                               
00:52:16 DEBUG    00.307 TB     0.0                                                                                                                             
